2026-06-01 10:00:01 INFO Application started
2026-06-01 10:00:45 INFO Health check passed
2026-06-01 10:01:10 WARNING High memory usage detected
2026-06-01 10:02:22 ERROR Database connection failed
2026-06-01 10:02:55 INFO Request processed successfully
2026-06-01 10:03:11 WARNING High memory usage detected
2026-06-01 10:03:44 ERROR Payment gateway timeout
2026-06-01 10:04:01 INFO Config reload triggered
2026-06-01 10:04:11 ERROR Payment gateway timeout
2026-06-01 10:04:33 ERROR Database connection failed
2026-06-01 10:04:55 ERROR Payment gateway timeout
2026-06-01 10:05:01 error payment processing failed
2026-06-01 10:05:22 ERROR Authentication service down
2026-06-01 10:05:44 ERROR Payment gateway timeout
2026-06-01 10:06:01 WARNING Disk usage above 80%
2026-06-01 10:06:22 ERROR Database connection failed
2026-06-01 10:06:44 error null pointer exception
2026-06-01 10:07:01 INFO Retry attempt 1
2026-06-01 10:07:22 ERROR Payment gateway timeout
2026-06-01 10:07:44 INFO Retry attempt 2
2026-06-01 10:08:01 ERROR Payment gateway timeout
2026-06-01 10:08:22 WARNING Connection pool exhausted
2026-06-01 10:08:44 ERROR Database connection failed
2026-06-01 10:09:01 INFO Cache cleared
2026-06-01 10:09:22 ERROR Payment gateway timeout
2026-06-01 10:09:44 ERROR Authentication service down
2026-06-01 10:10:01 INFO Scheduled job completed
2026-06-01 10:10:22 ERROR Database connection failed
2026-06-01 10:10:44 WARNING High memory usage detected
2026-06-01 10:11:01 ERROR Payment gateway timeout


